tesseract-data-eng
zed
xorg-xeyes
sshs
btop
konsole
fuse-overlayfs
vesktop-bin
webstorm
webstorm-jre
zed-editor
tableplus
pcsx2
openrgb-git
openrgb-plugin-scheduler-git
openrgb-plugin-effects-git
teams-for-linux
rsync
rclone
postman-bin
neovim
vlc
mpv
betterbird-bin
heroic-games-launcher-bin
protontricks
winetricks
steam
docker
docker-compose
docker-buildx
qbittorrent-nox-git
lazydocker
docker-rootless-extras
gitkraken
spotify
spicetify-cli
ungoogled-chromium-bin  
visual-studio-code-bin 
cmake
meson
cpio
pkg-config
git
g++
gcc
protonhax-git
gedit
pnpm
cava
bind
wl-screenrec
uwsm
xdg-desktop-portal-gtk
wf-recorder
emote
downgrade
gamemode
mangohud
gamescope